// Jest Snapshot v1, https://goo.gl/fbAQLP

exports[`Storyshots Bank default 1`] = `
<div
  className="bda52c9f"
>
  <div
    className="_231a0d21"
  >
    900
  </div>
  <div
    className="_236e4dce"
  >
    <div
      className="_498a39a2"
    >
      10
    </div>
    <div
      className="cb8c1002"
    >
      -10
    </div>
  </div>
</div>
`;

exports[`Storyshots DrillShelf default 1`] = `
<div
  className="f810b19f"
>
  <div
    className="_2b3f086a"
    onClick={[Function]}
  >
    <div
      className="_9764efd4"
    >
      drill de merde
    </div>
    
  </div>
  <div
    className="_2b3f086a"
    onClick={[Function]}
  >
    <div
      className="_9764efd4"
    >
      drill de con
    </div>
    [locked]
  </div>
  <div
    className="_2b3f086a"
    onClick={[Function]}
  >
    <div
      className="_9764efd4"
    >
      drill de luxe
    </div>
    
  </div>
  <div
    className="_2b3f086a"
    onClick={[Function]}
  >
    <div
      className="_9764efd4"
    >
      drill brill 6 c
    </div>
    [locked]
  </div>
</div>
`;

exports[`Storyshots World default 1`] = `
<div
  style={
    Object {
      "bottom": 0,
      "left": 0,
      "position": "fixed",
      "right": 0,
      "top": 0,
    }
  }
>
  <div
    className="c781be0c"
    onClick={[Function]}
    onMouseMove={[Function]}
    onTouchMove={[Function]}
  >
    <div
      className="_5f9c75cb"
      style={
        Object {
          "transform": "translate3d(300px,250px,0)",
        }
      }
    >
      <div
        className="_2047144c"
        style={
          Object {
            "height": 770.0000000000001,
            "left": -385.00000000000006,
            "top": -385.00000000000006,
            "width": 770.0000000000001,
          }
        }
      />
      <div
        className="_2517da5d"
        style={
          Object {
            "height": 406,
            "left": -203,
            "top": -203,
            "width": 406,
          }
        }
      >
        <canvas />
      </div>
      <div
        className="_00d83cf0"
        onClick={undefined}
        style={
          Object {
            "transform": "translate3d(-102.86241915118282px,-141.57797401561578px,0) rotateZ(4.084070449666731rad)",
          }
        }
      />
      <div
        className="_00d83cf0"
        onClick={undefined}
        style={
          Object {
            "transform": "translate3d(-54.077974015615744px,166.4348903516519px,0) rotateZ(8.168140899333462rad)",
          }
        }
      />
      <div
        className="_00d83cf0"
        onClick={undefined}
        style={
          Object {
            "transform": "translate3d(54.07797401561572px,-166.43489035165192px,0) rotateZ(11.309733552923255rad)",
          }
        }
      />
      <div
        className="_4aff70ea"
        onClick={[Function]}
        style={
          Object {
            "transform": "translate3d(-41.14496766047313px,-56.631189606246316px,0) rotateZ(4.084070449666731rad)",
          }
        }
      />
      <div
        className="_4aff70ea"
        onClick={[Function]}
        style={
          Object {
            "transform": "translate3d(-16.223392204684725px,49.930467105495566px,0) rotateZ(8.168140899333462rad)",
          }
        }
      />
    </div>
  </div>
</div>
`;
